// Jest Snapshot v1, https://goo.gl/fbAQLP

exports[`Inserts name and outputs JavaScript 1`] = `"export default \\"# Interface tests raw input file\\\\n\\\\nThis file is used to test that the loader correctly replaces the code blocks below\\\\nwith the source snippets referenced in code block config.\\\\n\\\\n\`\`\`ts { \\\\\\"file\\\\\\", \\\\\\"../typescript-source/typedef.ts\\\\\\", \\\\\\"symbol\\\\\\": \\\\\\"MyData\\\\\\" }\\\\n\`\`\`\\\\n\\\\n\\""`;
