// Jest Snapshot v1, https://goo.gl/fbAQLP

exports[`Path mappings Are resolved correctly 1`] = `
"# Using path mappings in loader options

\`\`\`ts { \\"file\\": \\"<folder-a>/folder-a.ts\\", \\"symbol\\": \\"AaaaAAaaaaAAA\\" }
export interface AaaaAAaaaaAAA {
    AaAAaaaAAaa: string;
}
\`\`\`

\`\`\`ts { \\"file\\": \\"<folder-b>/folder-b.ts\\", \\"symbol\\": \\"BbbbBBbbbbBBB\\" }
export interface BbbbBBbbbbBBB {
    BbBBbbbBBbb: string;
}
\`\`\`

"
`;
